[
    {
        "agents": [
            {
                "id": 0,
                "partyId": 0
            },
            {
                "id": 1,
                "partyId": 3
            }
        ],
        "coalitions": [
            {
                "mandates": 50,
                "parties": [
                    0
                ]
            },
            {
                "mandates": 20,
                "parties": [
                    3
                ]
            }
        ],
        "edges": [
            {
                "from": 0,
                "to": 2,
                "weight": 3
            },
            {
                "from": 0,
                "to": 3,
                "weight": 1
            },
            {
                "from": 1,
                "to": 2,
                "weight": 1
            },
            {
                "from": 1,
                "to": 3,
                "weight": 1
            },
            {
                "from": 2,
                "to": 0,
                "weight": 3
            },
            {
                "from": 2,
                "to": 1,
                "weight": 1
            },
            {
                "from": 2,
                "to": 3,
                "weight": 2
            },
            {
                "from": 3,
                "to": 0,
                "weight": 1
            },
            {
                "from": 3,
                "to": 1,
                "weight": 1
            },
            {
                "from": 3,
                "to": 2,
                "weight": 2
            }
        ],
        "parties": [
            {
                "id": 0,
                "mandates": 50,
                "name": "The Lannisters",
                "state": "Joined"
            },
            {
                "id": 1,
                "mandates": 30,
                "name": "The Baratheons",
                "state": "Waiting"
            },
            {
                "id": 2,
                "mandates": 20,
                "name": "The Targaryens",
                "state": "Waiting"
            },
            {
                "id": 3,
                "mandates": 20,
                "name": "The Starks",
                "state": "Joined"
            }
        ]
    },
    {
        "agents": [
            {
                "id": 0,
                "partyId": 0
            },
            {
                "id": 1,
                "partyId": 3
            }
        ],
        "coalitions": [
            {
                "mandates": 50,
                "parties": [
                    0
                ]
            },
            {
                "mandates": 20,
                "parties": [
                    3
                ]
            }
        ],
        "edges": [
            {
                "from": 0,
                "to": 2,
                "weight": 3
            },
            {
                "from": 0,
                "to": 3,
                "weight": 1
            },
            {
                "from": 1,
                "to": 2,
                "weight": 1
            },
            {
                "from": 1,
                "to": 3,
                "weight": 1
            },
            {
                "from": 2,
                "to": 0,
                "weight": 3
            },
            {
                "from": 2,
                "to": 1,
                "weight": 1
            },
            {
                "from": 2,
                "to": 3,
                "weight": 2
            },
            {
                "from": 3,
                "to": 0,
                "weight": 1
            },
            {
                "from": 3,
                "to": 1,
                "weight": 1
            },
            {
                "from": 3,
                "to": 2,
                "weight": 2
            }
        ],
        "parties": [
            {
                "id": 0,
                "mandates": 50,
                "name": "The Lannisters",
                "state": "Joined"
            },
            {
                "id": 1,
                "mandates": 30,
                "name": "The Baratheons",
                "state": "Waiting"
            },
            {
                "id": 2,
                "mandates": 20,
                "name": "The Targaryens",
                "state": "CollectingOffers"
            },
            {
                "id": 3,
                "mandates": 20,
                "name": "The Starks",
                "state": "Joined"
            }
        ]
    },
    {
        "agents": [
            {
                "id": 0,
                "partyId": 0
            },
            {
                "id": 1,
                "partyId": 3
            }
        ],
        "coalitions": [
            {
                "mandates": 50,
                "parties": [
                    0
                ]
            },
            {
                "mandates": 20,
                "parties": [
                    3
                ]
            }
        ],
        "edges": [
            {
                "from": 0,
                "to": 2,
                "weight": 3
            },
            {
                "from": 0,
                "to": 3,
                "weight": 1
            },
            {
                "from": 1,
                "to": 2,
                "weight": 1
            },
            {
                "from": 1,
                "to": 3,
                "weight": 1
            },
            {
                "from": 2,
                "to": 0,
                "weight": 3
            },
            {
                "from": 2,
                "to": 1,
                "weight": 1
            },
            {
                "from": 2,
                "to": 3,
                "weight": 2
            },
            {
                "from": 3,
                "to": 0,
                "weight": 1
            },
            {
                "from": 3,
                "to": 1,
                "weight": 1
            },
            {
                "from": 3,
                "to": 2,
                "weight": 2
            }
        ],
        "parties": [
            {
                "id": 0,
                "mandates": 50,
                "name": "The Lannisters",
                "state": "Joined"
            },
            {
                "id": 1,
                "mandates": 30,
                "name": "The Baratheons",
                "state": "CollectingOffers"
            },
            {
                "id": 2,
                "mandates": 20,
                "name": "The Targaryens",
                "state": "CollectingOffers"
            },
            {
                "id": 3,
                "mandates": 20,
                "name": "The Starks",
                "state": "Joined"
            }
        ]
    },
    {
        "agents": [
            {
                "id": 0,
                "partyId": 0
            },
            {
                "id": 1,
                "partyId": 3
            }
        ],
        "coalitions": [
            {
                "mandates": 50,
                "parties": [
                    0
                ]
            },
            {
                "mandates": 20,
                "parties": [
                    3
                ]
            }
        ],
        "edges": [
            {
                "from": 0,
                "to": 2,
                "weight": 3
            },
            {
                "from": 0,
                "to": 3,
                "weight": 1
            },
            {
                "from": 1,
                "to": 2,
                "weight": 1
            },
            {
                "from": 1,
                "to": 3,
                "weight": 1
            },
            {
                "from": 2,
                "to": 0,
                "weight": 3
            },
            {
                "from": 2,
                "to": 1,
                "weight": 1
            },
            {
                "from": 2,
                "to": 3,
                "weight": 2
            },
            {
                "from": 3,
                "to": 0,
                "weight": 1
            },
            {
                "from": 3,
                "to": 1,
                "weight": 1
            },
            {
                "from": 3,
                "to": 2,
                "weight": 2
            }
        ],
        "parties": [
            {
                "id": 0,
                "mandates": 50,
                "name": "The Lannisters",
                "state": "Joined"
            },
            {
                "id": 1,
                "mandates": 30,
                "name": "The Baratheons",
                "state": "CollectingOffers"
            },
            {
                "id": 2,
                "mandates": 20,
                "name": "The Targaryens",
                "state": "CollectingOffers"
            },
            {
                "id": 3,
                "mandates": 20,
                "name": "The Starks",
                "state": "Joined"
            }
        ]
    },
    {
        "agents": [
            {
                "id": 0,
                "partyId": 0
            },
            {
                "id": 1,
                "partyId": 3
            },
            {
                "id": 2,
                "partyId": 2
            }
        ],
        "coalitions": [
            {
                "mandates": 50,
                "parties": [
                    0
                ]
            },
            {
                "mandates": 40,
                "parties": [
                    3,
                    2
                ]
            }
        ],
        "edges": [
            {
                "from": 0,
                "to": 2,
                "weight": 3
            },
            {
                "from": 0,
                "to": 3,
                "weight": 1
            },
            {
                "from": 1,
                "to": 2,
                "weight": 1
            },
            {
                "from": 1,
                "to": 3,
                "weight": 1
            },
            {
                "from": 2,
                "to": 0,
                "weight": 3
            },
            {
                "from": 2,
                "to": 1,
                "weight": 1
            },
            {
                "from": 2,
                "to": 3,
                "weight": 2
            },
            {
                "from": 3,
                "to": 0,
                "weight": 1
            },
            {
                "from": 3,
                "to": 1,
                "weight": 1
            },
            {
                "from": 3,
                "to": 2,
                "weight": 2
            }
        ],
        "parties": [
            {
                "id": 0,
                "mandates": 50,
                "name": "The Lannisters",
                "state": "Joined"
            },
            {
                "id": 1,
                "mandates": 30,
                "name": "The Baratheons",
                "state": "CollectingOffers"
            },
            {
                "id": 2,
                "mandates": 20,
                "name": "The Targaryens",
                "state": "Joined"
            },
            {
                "id": 3,
                "mandates": 20,
                "name": "The Starks",
                "state": "Joined"
            }
        ]
    },
    {
        "agents": [
            {
                "id": 0,
                "partyId": 0
            },
            {
                "id": 1,
                "partyId": 3
            },
            {
                "id": 2,
                "partyId": 2
            },
            {
                "id": 3,
                "partyId": 1
            }
        ],
        "coalitions": [
            {
                "mandates": 50,
                "parties": [
                    0
                ]
            },
            {
                "mandates": 70,
                "parties": [
                    3,
                    2,
                    1
                ]
            }
        ],
        "edges": [
            {
                "from": 0,
                "to": 2,
                "weight": 3
            },
            {
                "from": 0,
                "to": 3,
                "weight": 1
            },
            {
                "from": 1,
                "to": 2,
                "weight": 1
            },
            {
                "from": 1,
                "to": 3,
                "weight": 1
            },
            {
                "from": 2,
                "to": 0,
                "weight": 3
            },
            {
                "from": 2,
                "to": 1,
                "weight": 1
            },
            {
                "from": 2,
                "to": 3,
                "weight": 2
            },
            {
                "from": 3,
                "to": 0,
                "weight": 1
            },
            {
                "from": 3,
                "to": 1,
                "weight": 1
            },
            {
                "from": 3,
                "to": 2,
                "weight": 2
            }
        ],
        "parties": [
            {
                "id": 0,
                "mandates": 50,
                "name": "The Lannisters",
                "state": "Joined"
            },
            {
                "id": 1,
                "mandates": 30,
                "name": "The Baratheons",
                "state": "Joined"
            },
            {
                "id": 2,
                "mandates": 20,
                "name": "The Targaryens",
                "state": "Joined"
            },
            {
                "id": 3,
                "mandates": 20,
                "name": "The Starks",
                "state": "Joined"
            }
        ]
    }
]
